2026-07-27 11:16:16.077 INFO  [background-preinit] o.h.v.i.u.Version : HV000001: Hibernate Validator 8.0.3.Final
2026-07-27 11:16:16.148 INFO  [main] c.l.s.a.SeckillApplication : Starting SeckillApplication using Java 21.0.11 with PID 26552 (E:\JAVA_IDE_WORK\JavaWork_Space\seckill\love233niang-seckill\love233niang-seckill-app\target\classes started by 33645 in E:\JAVA_IDE_WORK\JavaWork_Space\seckill\love233niang-seckill)
2026-07-27 11:16:16.151 INFO  [main] c.l.s.a.SeckillApplication : The following 1 profile is active: "dev"
2026-07-27 11:16:18.544 INFO  [main] o.s.b.w.e.t.TomcatWebServer : Tomcat initialized with port 8080 (http)
2026-07-27 11:16:18.575 INFO  [main] o.a.c.h.Http11NioProtocol : Initializing ProtocolHandler ["http-nio-8080"]
2026-07-27 11:16:18.578 INFO  [main] o.a.c.c.StandardService : Starting service [Tomcat]
2026-07-27 11:16:18.578 INFO  [main] o.a.c.c.StandardEngine : Starting Servlet engine: [Apache Tomcat/10.1.49]
2026-07-27 11:16:18.682 INFO  [main] o.a.c.c.C.[.[.[/] : Initializing Spring embedded WebApplicationContext
2026-07-27 11:16:18.682 INFO  [main] o.s.b.w.s.c.ServletWebServerApplicationContext : Root WebApplicationContext: initialization completed in 2466 ms
2026-07-27 11:16:19.825 INFO  [main] o.a.c.h.Http11NioProtocol : Starting ProtocolHandler ["http-nio-8080"]
2026-07-27 11:16:19.850 INFO  [main] o.s.b.w.e.t.TomcatWebServer : Tomcat started on port 8080 (http) with context path '/'
2026-07-27 11:16:19.857 INFO  [main] c.l.s.a.SeckillApplication : Started SeckillApplication in 4.539 seconds (process running for 5.847)
2026-07-27 11:17:16.546 INFO  [http-nio-8080-exec-2] o.a.c.c.C.[.[.[/] : Initializing Spring DispatcherServlet 'dispatcherServlet'
2026-07-27 11:17:16.546 INFO  [http-nio-8080-exec-2] o.s.w.s.DispatcherServlet : Initializing Servlet 'dispatcherServlet'
2026-07-27 11:17:16.548 INFO  [http-nio-8080-exec-2] o.s.w.s.DispatcherServlet : Completed initialization in 2 ms
2026-07-27 11:17:16.784 INFO  [http-nio-8080-exec-2] c.l.s.c.a.ApiOperationLogAspect : ====== 请求开始: [用户注册], 入参: {"mobile":"18019911108","password":"123456","verifyCode":"123456"}, 请求类: UserController, 请求方法: register =================================== 
2026-07-27 11:17:16.811 INFO  [http-nio-8080-exec-2] c.z.h.HikariDataSource : SeckillHikariPool - Starting...
2026-07-27 11:17:17.040 INFO  [http-nio-8080-exec-2] c.z.h.p.HikariPool : SeckillHikariPool - Added connection com.mysql.cj.jdbc.ConnectionImpl@3dfa26f9
2026-07-27 11:17:17.042 INFO  [http-nio-8080-exec-2] c.z.h.HikariDataSource : SeckillHikariPool - Start completed.
2026-07-27 11:17:17.222 INFO  [http-nio-8080-exec-2] c.l.s.u.s.i.UserServiceImpl : ==> 用户注册成功, mobile: 18019911108
2026-07-27 11:17:17.224 INFO  [http-nio-8080-exec-2] c.l.s.c.a.ApiOperationLogAspect : ====== 请求结束: [用户注册], 耗时: 461ms, 出参: {"success":true,"message":null,"errorCode":null,"data":null} =================================== 
2026-07-27 11:17:32.729 INFO  [http-nio-8080-exec-1] c.l.s.c.a.ApiOperationLogAspect : ====== 请求开始: [用户注册], 入参: {"mobile":"18019911108","password":"123456","verifyCode":"123456"}, 请求类: UserController, 请求方法: register =================================== 
2026-07-27 11:17:32.748 WARN  [http-nio-8080-exec-1] c.l.s.c.e.GlobalExceptionHandler : /user/register request fail, errorCode: 20001, errorMessage: 该手机号已注册
2026-07-27 11:17:40.337 INFO  [http-nio-8080-exec-4] c.l.s.c.a.ApiOperationLogAspect : ====== 请求开始: [用户注册], 入参: {"mobile":"18019911108","password":"123456","verifyCode":"12341156"}, 请求类: UserController, 请求方法: register =================================== 
2026-07-27 11:17:40.338 WARN  [http-nio-8080-exec-4] c.l.s.c.e.GlobalExceptionHandler : /user/register request fail, errorCode: 20002, errorMessage: 验证码错误
2026-07-27 11:17:45.565 WARN  [http-nio-8080-exec-6] c.l.s.c.e.GlobalExceptionHandler : /user/register request error, errorCode: 10001, errorMessage: mobile 手机号格式不正确, 当前值: '18019922211108'; 
2026-07-27 11:45:29.093 INFO  [SpringApplicationShutdownHook] o.s.b.w.e.t.GracefulShutdown : Commencing graceful shutdown. Waiting for active requests to complete
2026-07-27 11:45:29.100 INFO  [tomcat-shutdown] o.s.b.w.e.t.GracefulShutdown : Graceful shutdown complete
2026-07-27 11:45:29.102 INFO  [SpringApplicationShutdownHook] c.z.h.HikariDataSource : SeckillHikariPool - Shutdown initiated...
2026-07-27 11:45:29.104 INFO  [SpringApplicationShutdownHook] c.z.h.HikariDataSource : SeckillHikariPool - Shutdown completed.
2026-07-27 11:45:34.794 INFO  [background-preinit] o.h.v.i.u.Version : HV000001: Hibernate Validator 8.0.3.Final
2026-07-27 11:45:34.846 INFO  [main] c.l.s.a.SeckillApplication : Starting SeckillApplication using Java 21.0.11 with PID 24312 (E:\JAVA_IDE_WORK\JavaWork_Space\seckill\love233niang-seckill\love233niang-seckill-app\target\classes started by 33645 in E:\JAVA_IDE_WORK\JavaWork_Space\seckill\love233niang-seckill)
2026-07-27 11:45:34.847 INFO  [main] c.l.s.a.SeckillApplication : The following 1 profile is active: "dev"
2026-07-27 11:45:36.051 INFO  [main] o.s.b.w.e.t.TomcatWebServer : Tomcat initialized with port 8080 (http)
2026-07-27 11:45:36.065 INFO  [main] o.a.c.h.Http11NioProtocol : Initializing ProtocolHandler ["http-nio-8080"]
2026-07-27 11:45:36.067 INFO  [main] o.a.c.c.StandardService : Starting service [Tomcat]
2026-07-27 11:45:36.067 INFO  [main] o.a.c.c.StandardEngine : Starting Servlet engine: [Apache Tomcat/10.1.49]
2026-07-27 11:45:36.121 INFO  [main] o.a.c.c.C.[.[.[/] : Initializing Spring embedded WebApplicationContext
2026-07-27 11:45:36.121 INFO  [main] o.s.b.w.s.c.ServletWebServerApplicationContext : Root WebApplicationContext: initialization completed in 1233 ms
2026-07-27 11:45:36.802 INFO  [main] o.a.c.h.Http11NioProtocol : Starting ProtocolHandler ["http-nio-8080"]
2026-07-27 11:45:36.815 INFO  [main] o.s.b.w.e.t.TomcatWebServer : Tomcat started on port 8080 (http) with context path '/'
2026-07-27 11:45:36.821 INFO  [main] c.l.s.a.SeckillApplication : Started SeckillApplication in 2.531 seconds (process running for 3.434)
2026-07-27 11:46:11.359 INFO  [http-nio-8080-exec-2] o.a.c.c.C.[.[.[/] : Initializing Spring DispatcherServlet 'dispatcherServlet'
2026-07-27 11:46:11.359 INFO  [http-nio-8080-exec-2] o.s.w.s.DispatcherServlet : Initializing Servlet 'dispatcherServlet'
2026-07-27 11:46:11.360 INFO  [http-nio-8080-exec-2] o.s.w.s.DispatcherServlet : Completed initialization in 1 ms
2026-07-27 11:46:11.550 INFO  [http-nio-8080-exec-2] c.l.s.c.a.ApiOperationLogAspect : ====== 请求开始: [用户登录], 入参: {"mobile":"18019911108","type":1,"password":"123456","verifyCode":null}, 请求类: UserController, 请求方法: login =================================== 
2026-07-27 11:46:11.568 INFO  [http-nio-8080-exec-2] c.z.h.HikariDataSource : SeckillHikariPool - Starting...
2026-07-27 11:46:11.761 INFO  [http-nio-8080-exec-2] c.z.h.p.HikariPool : SeckillHikariPool - Added connection com.mysql.cj.jdbc.ConnectionImpl@1cec7f76
2026-07-27 11:46:11.762 INFO  [http-nio-8080-exec-2] c.z.h.HikariDataSource : SeckillHikariPool - Start completed.
2026-07-27 11:46:11.939 INFO  [http-nio-8080-exec-2] c.l.s.u.s.i.UserServiceImpl : ==> 用户登录成功, userId: 2, mobile: 18019911108
2026-07-27 11:46:11.944 INFO  [http-nio-8080-exec-2] c.l.s.c.a.ApiOperationLogAspect : ====== 请求结束: [用户登录], 耗时: 406ms, 出参: {"success":true,"message":null,"errorCode":null,"data":{"token":"705f7f75-2c21-4370-9354-51ef8975174b","userInfo":{"id":2,"nickname":"用户727575","avatar":null}}} =================================== 
2026-07-27 11:46:28.549 INFO  [http-nio-8080-exec-3] c.l.s.c.a.ApiOperationLogAspect : ====== 请求开始: [用户登录], 入参: {"mobile":"18019911108","type":2,"password":null,"verifyCode":"123456"}, 请求类: UserController, 请求方法: login =================================== 
2026-07-27 11:46:28.552 INFO  [http-nio-8080-exec-3] c.l.s.u.s.i.UserServiceImpl : ==> 用户登录成功, userId: 2, mobile: 18019911108
2026-07-27 11:46:28.552 INFO  [http-nio-8080-exec-3] c.l.s.c.a.ApiOperationLogAspect : ====== 请求结束: [用户登录], 耗时: 3ms, 出参: {"success":true,"message":null,"errorCode":null,"data":{"token":"705f7f75-2c21-4370-9354-51ef8975174b","userInfo":{"id":2,"nickname":"用户727575","avatar":null}}} =================================== 
2026-07-27 11:46:33.807 INFO  [http-nio-8080-exec-7] c.l.s.c.a.ApiOperationLogAspect : ====== 请求开始: [用户登录], 入参: {"mobile":"13900000000","type":1,"password":"123456","verifyCode":null}, 请求类: UserController, 请求方法: login =================================== 
2026-07-27 11:46:33.814 WARN  [http-nio-8080-exec-7] c.l.s.c.e.GlobalExceptionHandler : /user/login request fail, errorCode: 20003, errorMessage: 该手机号未注册
2026-07-27 11:46:38.430 INFO  [http-nio-8080-exec-5] c.l.s.c.a.ApiOperationLogAspect : ====== 请求开始: [用户登录], 入参: {"mobile":"18019911108","type":1,"password":"wrong_password","verifyCode":null}, 请求类: UserController, 请求方法: login =================================== 
2026-07-27 11:46:38.503 WARN  [http-nio-8080-exec-5] c.l.s.c.e.GlobalExceptionHandler : /user/login request fail, errorCode: 20004, errorMessage: 密码错误
2026-07-27 11:46:43.044 INFO  [http-nio-8080-exec-10] c.l.s.c.a.ApiOperationLogAspect : ====== 请求开始: [用户登录], 入参: {"mobile":"18019911108","type":2,"password":null,"verifyCode":"654321"}, 请求类: UserController, 请求方法: login =================================== 
2026-07-27 11:46:43.048 WARN  [http-nio-8080-exec-10] c.l.s.c.e.GlobalExceptionHandler : /user/login request fail, errorCode: 20002, errorMessage: 验证码错误
2026-07-27 11:47:05.181 INFO  [http-nio-8080-exec-4] c.l.s.c.a.ApiOperationLogAspect : ====== 请求开始: [用户登录], 入参: {"mobile":"18019911108","type":2,"password":null,"verifyCode":"123456"}, 请求类: UserController, 请求方法: login =================================== 
2026-07-27 11:47:05.184 WARN  [http-nio-8080-exec-4] c.l.s.c.e.GlobalExceptionHandler : /user/login request fail, errorCode: 20005, errorMessage: 账号已被禁用，请联系管理员
2026-07-27 11:47:37.299 INFO  [http-nio-8080-exec-8] c.l.s.c.a.ApiOperationLogAspect : ====== 请求开始: [用户登录], 入参: {"mobile":"18019911108","type":2,"password":null,"verifyCode":"123456"}, 请求类: UserController, 请求方法: login =================================== 
2026-07-27 11:47:37.302 INFO  [http-nio-8080-exec-8] c.l.s.u.s.i.UserServiceImpl : ==> 用户登录成功, userId: 2, mobile: 18019911108
2026-07-27 11:47:37.302 INFO  [http-nio-8080-exec-8] c.l.s.c.a.ApiOperationLogAspect : ====== 请求结束: [用户登录], 耗时: 3ms, 出参: {"success":true,"message":null,"errorCode":null,"data":{"token":"705f7f75-2c21-4370-9354-51ef8975174b","userInfo":{"id":2,"nickname":"用户727575","avatar":null}}} =================================== 
2026-07-27 11:48:36.885 INFO  [http-nio-8080-exec-9] c.l.s.u.c.TestController : ==> 当前已登录, userId: 2
2026-07-27 11:48:48.153 INFO  [http-nio-8080-exec-6] c.l.s.u.c.TestController : ==> 当前已登录, userId: 2
2026-07-27 11:48:50.772 INFO  [http-nio-8080-exec-1] c.l.s.u.c.TestController : ==> 当前已登录, userId: 2
2026-07-27 11:48:55.662 INFO  [http-nio-8080-exec-2] c.l.s.u.c.TestController : ==> 当前已登录, userId: 2
2026-07-27 11:48:59.706 INFO  [http-nio-8080-exec-3] c.l.s.u.c.TestController : ==> 当前已登录, userId: 2
2026-07-27 11:49:00.750 INFO  [http-nio-8080-exec-7] c.l.s.u.c.TestController : ==> 当前已登录, userId: 2
2026-07-27 11:49:01.252 INFO  [http-nio-8080-exec-5] c.l.s.u.c.TestController : ==> 当前已登录, userId: 2
2026-07-27 11:49:06.936 INFO  [http-nio-8080-exec-10] c.l.s.u.c.TestController : ==> 当前已登录, userId: 2
2026-07-27 11:49:13.690 INFO  [http-nio-8080-exec-4] c.l.s.u.c.TestController : ==> 当前已登录, userId: 2
2026-07-27 11:49:14.762 INFO  [http-nio-8080-exec-8] c.l.s.u.c.TestController : ==> 当前已登录, userId: 2
2026-07-27 11:49:19.319 ERROR [http-nio-8080-exec-9] c.l.s.c.e.GlobalExceptionHandler : /test/isLogin request error, 
org.springframework.web.HttpRequestMethodNotSupportedException: Request method 'PUT' is not supported
	at org.springframework.web.servlet.mvc.method.RequestMappingInfoHandlerMapping.handleNoMatch(RequestMappingInfoHandlerMapping.java:267) ~[spring-webmvc-6.2.14.jar:6.2.14]
	at org.springframework.web.servlet.handler.AbstractHandlerMethodMapping.lookupHandlerMethod(AbstractHandlerMethodMapping.java:441) ~[spring-webmvc-6.2.14.jar:6.2.14]
	at org.springframework.web.servlet.handler.AbstractHandlerMethodMapping.getHandlerInternal(AbstractHandlerMethodMapping.java:382) ~[spring-webmvc-6.2.14.jar:6.2.14]
	at org.springframework.web.servlet.mvc.method.RequestMappingInfoHandlerMapping.getHandlerInternal(RequestMappingInfoHandlerMapping.java:127) ~[spring-webmvc-6.2.14.jar:6.2.14]
	at org.springframework.web.servlet.mvc.method.RequestMappingInfoHandlerMapping.getHandlerInternal(RequestMappingInfoHandlerMapping.java:68) ~[spring-webmvc-6.2.14.jar:6.2.14]
	at org.springframework.web.servlet.handler.AbstractHandlerMapping.getHandler(AbstractHandlerMapping.java:509) ~[spring-webmvc-6.2.14.jar:6.2.14]
	at org.springframework.web.servlet.DispatcherServlet.getHandler(DispatcherServlet.java:1284) ~[spring-webmvc-6.2.14.jar:6.2.14]
	at org.springframework.web.servlet.DispatcherServlet.doDispatch(DispatcherServlet.java:1065) ~[spring-webmvc-6.2.14.jar:6.2.14]
	at org.springframework.web.servlet.DispatcherServlet.doService(DispatcherServlet.java:979) ~[spring-webmvc-6.2.14.jar:6.2.14]
	at org.springframework.web.servlet.FrameworkServlet.processRequest(FrameworkServlet.java:1014) ~[spring-webmvc-6.2.14.jar:6.2.14]
	at org.springframework.web.servlet.FrameworkServlet.doPut(FrameworkServlet.java:925) ~[spring-webmvc-6.2.14.jar:6.2.14]
	at jakarta.servlet.http.HttpServlet.service(HttpServlet.java:593) ~[tomcat-embed-core-10.1.49.jar:6.0]
	at org.springframework.web.servlet.FrameworkServlet.service(FrameworkServlet.java:885) ~[spring-webmvc-6.2.14.jar:6.2.14]
	at jakarta.servlet.http.HttpServlet.service(HttpServlet.java:658) ~[tomcat-embed-core-10.1.49.jar:6.0]
	at org.apache.catalina.core.ApplicationFilterChain.internalDoFilter(ApplicationFilterChain.java:193) ~[tomcat-embed-core-10.1.49.jar:10.1.49]
	at org.apache.catalina.core.ApplicationFilterChain.doFilter(ApplicationFilterChain.java:138) ~[tomcat-embed-core-10.1.49.jar:10.1.49]
	at org.apache.tomcat.websocket.server.WsFilter.doFilter(WsFilter.java:51) ~[tomcat-embed-websocket-10.1.49.jar:10.1.49]
	at org.apache.catalina.core.ApplicationFilterChain.internalDoFilter(ApplicationFilterChain.java:162) ~[tomcat-embed-core-10.1.49.jar:10.1.49]
	at org.apache.catalina.core.ApplicationFilterChain.doFilter(ApplicationFilterChain.java:138) ~[tomcat-embed-core-10.1.49.jar:10.1.49]
	at cn.dev33.satoken.filter.SaFirewallCheckFilterForJakartaServlet.doFilter(SaFirewallCheckFilterForJakartaServlet.java:69) ~[sa-token-spring-boot-webmvc-v3v4-common-1.45.0.jar:?]
	at org.apache.catalina.core.ApplicationFilterChain.internalDoFilter(ApplicationFilterChain.java:162) ~[tomcat-embed-core-10.1.49.jar:10.1.49]
	at org.apache.catalina.core.ApplicationFilterChain.doFilter(ApplicationFilterChain.java:138) ~[tomcat-embed-core-10.1.49.jar:10.1.49]
	at cn.dev33.satoken.filter.SaTokenCorsFilterForJakartaServlet.doFilter(SaTokenCorsFilterForJakartaServlet.java:52) ~[sa-token-spring-boot-webmvc-v3v4-common-1.45.0.jar:?]
	at org.apache.catalina.core.ApplicationFilterChain.internalDoFilter(ApplicationFilterChain.java:162) ~[tomcat-embed-core-10.1.49.jar:10.1.49]
	at org.apache.catalina.core.ApplicationFilterChain.doFilter(ApplicationFilterChain.java:138) ~[tomcat-embed-core-10.1.49.jar:10.1.49]
	at cn.dev33.satoken.filter.SaTokenContextFilterForJakartaServlet.doFilter(SaTokenContextFilterForJakartaServlet.java:40) ~[sa-token-spring-boot-webmvc-v3v4-common-1.45.0.jar:?]
	at org.apache.catalina.core.ApplicationFilterChain.internalDoFilter(ApplicationFilterChain.java:162) ~[tomcat-embed-core-10.1.49.jar:10.1.49]
	at org.apache.catalina.core.ApplicationFilterChain.doFilter(ApplicationFilterChain.java:138) ~[tomcat-embed-core-10.1.49.jar:10.1.49]
	at org.springframework.web.filter.RequestContextFilter.doFilterInternal(RequestContextFilter.java:100) ~[spring-web-6.2.14.jar:6.2.14]
	at org.springframework.web.filter.OncePerRequestFilter.doFilter(OncePerRequestFilter.java:116) ~[spring-web-6.2.14.jar:6.2.14]
	at org.apache.catalina.core.ApplicationFilterChain.internalDoFilter(ApplicationFilterChain.java:162) ~[tomcat-embed-core-10.1.49.jar:10.1.49]
	at org.apache.catalina.core.ApplicationFilterChain.doFilter(ApplicationFilterChain.java:138) ~[tomcat-embed-core-10.1.49.jar:10.1.49]
	at org.springframework.web.filter.FormContentFilter.doFilterInternal(FormContentFilter.java:93) ~[spring-web-6.2.14.jar:6.2.14]
	at org.springframework.web.filter.OncePerRequestFilter.doFilter(OncePerRequestFilter.java:116) ~[spring-web-6.2.14.jar:6.2.14]
	at org.apache.catalina.core.ApplicationFilterChain.internalDoFilter(ApplicationFilterChain.java:162) ~[tomcat-embed-core-10.1.49.jar:10.1.49]
	at org.apache.catalina.core.ApplicationFilterChain.doFilter(ApplicationFilterChain.java:138) ~[tomcat-embed-core-10.1.49.jar:10.1.49]
	at org.springframework.web.filter.CharacterEncodingFilter.doFilterInternal(CharacterEncodingFilter.java:201) ~[spring-web-6.2.14.jar:6.2.14]
	at org.springframework.web.filter.OncePerRequestFilter.doFilter(OncePerRequestFilter.java:116) ~[spring-web-6.2.14.jar:6.2.14]
	at org.apache.catalina.core.ApplicationFilterChain.internalDoFilter(ApplicationFilterChain.java:162) ~[tomcat-embed-core-10.1.49.jar:10.1.49]
	at org.apache.catalina.core.ApplicationFilterChain.doFilter(ApplicationFilterChain.java:138) ~[tomcat-embed-core-10.1.49.jar:10.1.49]
	at org.apache.catalina.core.StandardWrapperValve.invoke(StandardWrapperValve.java:165) ~[tomcat-embed-core-10.1.49.jar:10.1.49]
	at org.apache.catalina.core.StandardContextValve.invoke(StandardContextValve.java:88) ~[tomcat-embed-core-10.1.49.jar:10.1.49]
	at org.apache.catalina.authenticator.AuthenticatorBase.invoke(AuthenticatorBase.java:482) ~[tomcat-embed-core-10.1.49.jar:10.1.49]
	at org.apache.catalina.core.StandardHostValve.invoke(StandardHostValve.java:113) ~[tomcat-embed-core-10.1.49.jar:10.1.49]
	at org.apache.catalina.valves.ErrorReportValve.invoke(ErrorReportValve.java:83) ~[tomcat-embed-core-10.1.49.jar:10.1.49]
	at org.apache.catalina.core.StandardEngineValve.invoke(StandardEngineValve.java:72) ~[tomcat-embed-core-10.1.49.jar:10.1.49]
	at org.apache.catalina.connector.CoyoteAdapter.service(CoyoteAdapter.java:342) ~[tomcat-embed-core-10.1.49.jar:10.1.49]
	at org.apache.coyote.http11.Http11Processor.service(Http11Processor.java:399) ~[tomcat-embed-core-10.1.49.jar:10.1.49]
	at org.apache.coyote.AbstractProcessorLight.process(AbstractProcessorLight.java:63) ~[tomcat-embed-core-10.1.49.jar:10.1.49]
	at org.apache.coyote.AbstractProtocol$ConnectionHandler.process(AbstractProtocol.java:903) ~[tomcat-embed-core-10.1.49.jar:10.1.49]
	at org.apache.tomcat.util.net.NioEndpoint$SocketProcessor.doRun(NioEndpoint.java:1774) ~[tomcat-embed-core-10.1.49.jar:10.1.49]
	at org.apache.tomcat.util.net.SocketProcessorBase.run(SocketProcessorBase.java:52) ~[tomcat-embed-core-10.1.49.jar:10.1.49]
	at org.apache.tomcat.util.threads.ThreadPoolExecutor.runWorker(ThreadPoolExecutor.java:973) ~[tomcat-embed-core-10.1.49.jar:10.1.49]
	at org.apache.tomcat.util.threads.ThreadPoolExecutor$Worker.run(ThreadPoolExecutor.java:491) ~[tomcat-embed-core-10.1.49.jar:10.1.49]
	at org.apache.tomcat.util.threads.TaskThread$WrappingRunnable.run(TaskThread.java:63) ~[tomcat-embed-core-10.1.49.jar:10.1.49]
	at java.base/java.lang.Thread.run(Thread.java:1583) [?:?]
2026-07-27 11:49:22.104 ERROR [http-nio-8080-exec-6] c.l.s.c.e.GlobalExceptionHandler : /test/isLogin request error, 
org.springframework.web.HttpRequestMethodNotSupportedException: Request method 'POST' is not supported
	at org.springframework.web.servlet.mvc.method.RequestMappingInfoHandlerMapping.handleNoMatch(RequestMappingInfoHandlerMapping.java:267) ~[spring-webmvc-6.2.14.jar:6.2.14]
	at org.springframework.web.servlet.handler.AbstractHandlerMethodMapping.lookupHandlerMethod(AbstractHandlerMethodMapping.java:441) ~[spring-webmvc-6.2.14.jar:6.2.14]
	at org.springframework.web.servlet.handler.AbstractHandlerMethodMapping.getHandlerInternal(AbstractHandlerMethodMapping.java:382) ~[spring-webmvc-6.2.14.jar:6.2.14]
	at org.springframework.web.servlet.mvc.method.RequestMappingInfoHandlerMapping.getHandlerInternal(RequestMappingInfoHandlerMapping.java:127) ~[spring-webmvc-6.2.14.jar:6.2.14]
	at org.springframework.web.servlet.mvc.method.RequestMappingInfoHandlerMapping.getHandlerInternal(RequestMappingInfoHandlerMapping.java:68) ~[spring-webmvc-6.2.14.jar:6.2.14]
	at org.springframework.web.servlet.handler.AbstractHandlerMapping.getHandler(AbstractHandlerMapping.java:509) ~[spring-webmvc-6.2.14.jar:6.2.14]
	at org.springframework.web.servlet.DispatcherServlet.getHandler(DispatcherServlet.java:1284) ~[spring-webmvc-6.2.14.jar:6.2.14]
	at org.springframework.web.servlet.DispatcherServlet.doDispatch(DispatcherServlet.java:1065) ~[spring-webmvc-6.2.14.jar:6.2.14]
	at org.springframework.web.servlet.DispatcherServlet.doService(DispatcherServlet.java:979) ~[spring-webmvc-6.2.14.jar:6.2.14]
	at org.springframework.web.servlet.FrameworkServlet.processRequest(FrameworkServlet.java:1014) ~[spring-webmvc-6.2.14.jar:6.2.14]
	at org.springframework.web.servlet.FrameworkServlet.doPost(FrameworkServlet.java:914) ~[spring-webmvc-6.2.14.jar:6.2.14]
	at jakarta.servlet.http.HttpServlet.service(HttpServlet.java:590) ~[tomcat-embed-core-10.1.49.jar:6.0]
	at org.springframework.web.servlet.FrameworkServlet.service(FrameworkServlet.java:885) ~[spring-webmvc-6.2.14.jar:6.2.14]
	at jakarta.servlet.http.HttpServlet.service(HttpServlet.java:658) ~[tomcat-embed-core-10.1.49.jar:6.0]
	at org.apache.catalina.core.ApplicationFilterChain.internalDoFilter(ApplicationFilterChain.java:193) ~[tomcat-embed-core-10.1.49.jar:10.1.49]
	at org.apache.catalina.core.ApplicationFilterChain.doFilter(ApplicationFilterChain.java:138) ~[tomcat-embed-core-10.1.49.jar:10.1.49]
	at org.apache.tomcat.websocket.server.WsFilter.doFilter(WsFilter.java:51) ~[tomcat-embed-websocket-10.1.49.jar:10.1.49]
	at org.apache.catalina.core.ApplicationFilterChain.internalDoFilter(ApplicationFilterChain.java:162) ~[tomcat-embed-core-10.1.49.jar:10.1.49]
	at org.apache.catalina.core.ApplicationFilterChain.doFilter(ApplicationFilterChain.java:138) ~[tomcat-embed-core-10.1.49.jar:10.1.49]
	at cn.dev33.satoken.filter.SaFirewallCheckFilterForJakartaServlet.doFilter(SaFirewallCheckFilterForJakartaServlet.java:69) ~[sa-token-spring-boot-webmvc-v3v4-common-1.45.0.jar:?]
	at org.apache.catalina.core.ApplicationFilterChain.internalDoFilter(ApplicationFilterChain.java:162) ~[tomcat-embed-core-10.1.49.jar:10.1.49]
	at org.apache.catalina.core.ApplicationFilterChain.doFilter(ApplicationFilterChain.java:138) ~[tomcat-embed-core-10.1.49.jar:10.1.49]
	at cn.dev33.satoken.filter.SaTokenCorsFilterForJakartaServlet.doFilter(SaTokenCorsFilterForJakartaServlet.java:52) ~[sa-token-spring-boot-webmvc-v3v4-common-1.45.0.jar:?]
	at org.apache.catalina.core.ApplicationFilterChain.internalDoFilter(ApplicationFilterChain.java:162) ~[tomcat-embed-core-10.1.49.jar:10.1.49]
	at org.apache.catalina.core.ApplicationFilterChain.doFilter(ApplicationFilterChain.java:138) ~[tomcat-embed-core-10.1.49.jar:10.1.49]
	at cn.dev33.satoken.filter.SaTokenContextFilterForJakartaServlet.doFilter(SaTokenContextFilterForJakartaServlet.java:40) ~[sa-token-spring-boot-webmvc-v3v4-common-1.45.0.jar:?]
	at org.apache.catalina.core.ApplicationFilterChain.internalDoFilter(ApplicationFilterChain.java:162) ~[tomcat-embed-core-10.1.49.jar:10.1.49]
	at org.apache.catalina.core.ApplicationFilterChain.doFilter(ApplicationFilterChain.java:138) ~[tomcat-embed-core-10.1.49.jar:10.1.49]
	at org.springframework.web.filter.RequestContextFilter.doFilterInternal(RequestContextFilter.java:100) ~[spring-web-6.2.14.jar:6.2.14]
	at org.springframework.web.filter.OncePerRequestFilter.doFilter(OncePerRequestFilter.java:116) ~[spring-web-6.2.14.jar:6.2.14]
	at org.apache.catalina.core.ApplicationFilterChain.internalDoFilter(ApplicationFilterChain.java:162) ~[tomcat-embed-core-10.1.49.jar:10.1.49]
	at org.apache.catalina.core.ApplicationFilterChain.doFilter(ApplicationFilterChain.java:138) ~[tomcat-embed-core-10.1.49.jar:10.1.49]
	at org.springframework.web.filter.FormContentFilter.doFilterInternal(FormContentFilter.java:93) ~[spring-web-6.2.14.jar:6.2.14]
	at org.springframework.web.filter.OncePerRequestFilter.doFilter(OncePerRequestFilter.java:116) ~[spring-web-6.2.14.jar:6.2.14]
	at org.apache.catalina.core.ApplicationFilterChain.internalDoFilter(ApplicationFilterChain.java:162) ~[tomcat-embed-core-10.1.49.jar:10.1.49]
	at org.apache.catalina.core.ApplicationFilterChain.doFilter(ApplicationFilterChain.java:138) ~[tomcat-embed-core-10.1.49.jar:10.1.49]
	at org.springframework.web.filter.CharacterEncodingFilter.doFilterInternal(CharacterEncodingFilter.java:201) ~[spring-web-6.2.14.jar:6.2.14]
	at org.springframework.web.filter.OncePerRequestFilter.doFilter(OncePerRequestFilter.java:116) ~[spring-web-6.2.14.jar:6.2.14]
	at org.apache.catalina.core.ApplicationFilterChain.internalDoFilter(ApplicationFilterChain.java:162) ~[tomcat-embed-core-10.1.49.jar:10.1.49]
	at org.apache.catalina.core.ApplicationFilterChain.doFilter(ApplicationFilterChain.java:138) ~[tomcat-embed-core-10.1.49.jar:10.1.49]
	at org.apache.catalina.core.StandardWrapperValve.invoke(StandardWrapperValve.java:165) ~[tomcat-embed-core-10.1.49.jar:10.1.49]
	at org.apache.catalina.core.StandardContextValve.invoke(StandardContextValve.java:88) ~[tomcat-embed-core-10.1.49.jar:10.1.49]
	at org.apache.catalina.authenticator.AuthenticatorBase.invoke(AuthenticatorBase.java:482) ~[tomcat-embed-core-10.1.49.jar:10.1.49]
	at org.apache.catalina.core.StandardHostValve.invoke(StandardHostValve.java:113) ~[tomcat-embed-core-10.1.49.jar:10.1.49]
	at org.apache.catalina.valves.ErrorReportValve.invoke(ErrorReportValve.java:83) ~[tomcat-embed-core-10.1.49.jar:10.1.49]
	at org.apache.catalina.core.StandardEngineValve.invoke(StandardEngineValve.java:72) ~[tomcat-embed-core-10.1.49.jar:10.1.49]
	at org.apache.catalina.connector.CoyoteAdapter.service(CoyoteAdapter.java:342) ~[tomcat-embed-core-10.1.49.jar:10.1.49]
	at org.apache.coyote.http11.Http11Processor.service(Http11Processor.java:399) ~[tomcat-embed-core-10.1.49.jar:10.1.49]
	at org.apache.coyote.AbstractProcessorLight.process(AbstractProcessorLight.java:63) ~[tomcat-embed-core-10.1.49.jar:10.1.49]
	at org.apache.coyote.AbstractProtocol$ConnectionHandler.process(AbstractProtocol.java:903) ~[tomcat-embed-core-10.1.49.jar:10.1.49]
	at org.apache.tomcat.util.net.NioEndpoint$SocketProcessor.doRun(NioEndpoint.java:1774) ~[tomcat-embed-core-10.1.49.jar:10.1.49]
	at org.apache.tomcat.util.net.SocketProcessorBase.run(SocketProcessorBase.java:52) ~[tomcat-embed-core-10.1.49.jar:10.1.49]
	at org.apache.tomcat.util.threads.ThreadPoolExecutor.runWorker(ThreadPoolExecutor.java:973) ~[tomcat-embed-core-10.1.49.jar:10.1.49]
	at org.apache.tomcat.util.threads.ThreadPoolExecutor$Worker.run(ThreadPoolExecutor.java:491) ~[tomcat-embed-core-10.1.49.jar:10.1.49]
	at org.apache.tomcat.util.threads.TaskThread$WrappingRunnable.run(TaskThread.java:63) ~[tomcat-embed-core-10.1.49.jar:10.1.49]
	at java.base/java.lang.Thread.run(Thread.java:1583) [?:?]
2026-07-27 11:49:24.366 INFO  [http-nio-8080-exec-1] c.l.s.u.c.TestController : ==> 当前已登录, userId: 2
2026-07-27 11:49:39.587 INFO  [http-nio-8080-exec-2] c.l.s.u.c.TestController : ==> 当前已登录, userId: 2
2026-07-27 11:50:01.903 INFO  [SpringApplicationShutdownHook] o.s.b.w.e.t.GracefulShutdown : Commencing graceful shutdown. Waiting for active requests to complete
2026-07-27 11:50:01.909 INFO  [tomcat-shutdown] o.s.b.w.e.t.GracefulShutdown : Graceful shutdown complete
2026-07-27 11:50:01.913 INFO  [SpringApplicationShutdownHook] c.z.h.HikariDataSource : SeckillHikariPool - Shutdown initiated...
2026-07-27 11:50:01.919 INFO  [SpringApplicationShutdownHook] c.z.h.HikariDataSource : SeckillHikariPool - Shutdown completed.
2026-07-27 11:50:04.261 INFO  [background-preinit] o.h.v.i.u.Version : HV000001: Hibernate Validator 8.0.3.Final
2026-07-27 11:50:04.307 INFO  [main] c.l.s.a.SeckillApplication : Starting SeckillApplication using Java 21.0.11 with PID 25828 (E:\JAVA_IDE_WORK\JavaWork_Space\seckill\love233niang-seckill\love233niang-seckill-app\target\classes started by 33645 in E:\JAVA_IDE_WORK\JavaWork_Space\seckill\love233niang-seckill)
2026-07-27 11:50:04.309 INFO  [main] c.l.s.a.SeckillApplication : The following 1 profile is active: "dev"
2026-07-27 11:50:05.363 INFO  [main] o.s.b.w.e.t.TomcatWebServer : Tomcat initialized with port 8080 (http)
2026-07-27 11:50:05.377 INFO  [main] o.a.c.h.Http11NioProtocol : Initializing ProtocolHandler ["http-nio-8080"]
2026-07-27 11:50:05.378 INFO  [main] o.a.c.c.StandardService : Starting service [Tomcat]
2026-07-27 11:50:05.379 INFO  [main] o.a.c.c.StandardEngine : Starting Servlet engine: [Apache Tomcat/10.1.49]
2026-07-27 11:50:05.441 INFO  [main] o.a.c.c.C.[.[.[/] : Initializing Spring embedded WebApplicationContext
2026-07-27 11:50:05.441 INFO  [main] o.s.b.w.s.c.ServletWebServerApplicationContext : Root WebApplicationContext: initialization completed in 1081 ms
2026-07-27 11:50:06.106 INFO  [main] o.a.c.h.Http11NioProtocol : Starting ProtocolHandler ["http-nio-8080"]
2026-07-27 11:50:06.119 INFO  [main] o.s.b.w.e.t.TomcatWebServer : Tomcat started on port 8080 (http) with context path '/'
2026-07-27 11:50:06.124 INFO  [main] c.l.s.a.SeckillApplication : Started SeckillApplication in 2.338 seconds (process running for 3.274)
2026-07-27 11:50:13.777 INFO  [http-nio-8080-exec-2] o.a.c.c.C.[.[.[/] : Initializing Spring DispatcherServlet 'dispatcherServlet'
2026-07-27 11:50:13.777 INFO  [http-nio-8080-exec-2] o.s.w.s.DispatcherServlet : Initializing Servlet 'dispatcherServlet'
2026-07-27 11:50:13.779 INFO  [http-nio-8080-exec-2] o.s.w.s.DispatcherServlet : Completed initialization in 2 ms
